{
    "Params: no fasta": {
        "content": [
            39,
            {
                "CAT_FASTQ": {
                    "cat": 9.5
                },
                "CUSTOM_TX2GENE": {
                    "python": "3.10.4"
                },
                "DESEQ2_QC_PSEUDO": {
                    "r-base": "4.0.3",
                    "bioconductor-deseq2": "1.28.0"
                },
                "FASTQC": {
                    "fastqc": "0.12.1"
                },
                "FQ_LINT": {
                    "fq": "0.12.0 (2024-07-08)"
                },
                "FQ_SUBSAMPLE": {
                    "fq": "0.12.0 (2024-07-08)"
                },
                "GTF2BED": {
                    "perl": "5.26.2"
                },
                "GTF_FILTER": {
                    "python": "3.9.5"
                },
                "GUNZIP_GTF": {
                    "gunzip": 1.13
                },
                "SALMON_INDEX": {
                    "salmon": "1.10.3"
                },
                "SALMON_QUANT": {
                    "salmon": "1.10.3"
                },
                "SE_GENE_UNIFIED": {
                    "bioconductor-summarizedexperiment": "1.32.0"
                },
                "SE_TRANSCRIPT_UNIFIED": {
                    "bioconductor-summarizedexperiment": "1.32.0"
                },
                "TRIMGALORE": {
                    "trimgalore": "0.6.10",
                    "cutadapt": 4.9,
                    "pigz": 2.8
                },
                "TXIMETA_TXIMPORT": {
                    "bioconductor-tximeta": "1.20.1"
                },
                "Workflow": {
                    "nf-core/rnaseq": "v3.19.0"
                }
            },
            [
                "fastqc",
                "fastqc/raw",
                "fastqc/raw/RAP1_IAA_30M_REP1_raw_1_fastqc.html",
                "fastqc/raw/RAP1_IAA_30M_REP1_raw_1_fastqc.zip",
                "fastqc/raw/RAP1_IAA_30M_REP1_raw_2_fastqc.html",
                "fastqc/raw/RAP1_IAA_30M_REP1_raw_2_fastqc.zip",
                "fastqc/raw/RAP1_UNINDUCED_REP1_raw_fastqc.html",
                "fastqc/raw/RAP1_UNINDUCED_REP1_raw_fastqc.zip",
                "fastqc/raw/RAP1_UNINDUCED_REP2_raw_fastqc.html",
                "fastqc/raw/RAP1_UNINDUCED_REP2_raw_fastqc.zip",
                "fastqc/raw/WT_REP1_raw_1_fastqc.html",
                "fastqc/raw/WT_REP1_raw_1_fastqc.zip",
                "fastqc/raw/WT_REP1_raw_2_fastqc.html",
                "fastqc/raw/WT_REP1_raw_2_fastqc.zip",
                "fastqc/raw/WT_REP2_raw_1_fastqc.html",
                "fastqc/raw/WT_REP2_raw_1_fastqc.zip",
                "fastqc/raw/WT_REP2_raw_2_fastqc.html",
                "fastqc/raw/WT_REP2_raw_2_fastqc.zip",
                "fastqc/trim",
                "fastqc/trim/RAP1_IAA_30M_REP1_trimmed_1_val_1_fastqc.html",
                "fastqc/trim/RAP1_IAA_30M_REP1_trimmed_1_val_1_fastqc.zip",
                "fastqc/trim/RAP1_IAA_30M_REP1_trimmed_2_val_2_fastqc.html",
                "fastqc/trim/RAP1_IAA_30M_REP1_trimmed_2_val_2_fastqc.zip",
                "fastqc/trim/RAP1_UNINDUCED_REP1_trimmed_trimmed_fastqc.html",
                "fastqc/trim/RAP1_UNINDUCED_REP1_trimmed_trimmed_fastqc.zip",
                "fastqc/trim/RAP1_UNINDUCED_REP2_trimmed_trimmed_fastqc.html",
                "fastqc/trim/RAP1_UNINDUCED_REP2_trimmed_trimmed_fastqc.zip",
                "fastqc/trim/WT_REP1_trimmed_1_val_1_fastqc.html",
                "fastqc/trim/WT_REP1_trimmed_1_val_1_fastqc.zip",
                "fastqc/trim/WT_REP1_trimmed_2_val_2_fastqc.html",
                "fastqc/trim/WT_REP1_trimmed_2_val_2_fastqc.zip",
                "fastqc/trim/WT_REP2_trimmed_1_val_1_fastqc.html",
                "fastqc/trim/WT_REP2_trimmed_1_val_1_fastqc.zip",
                "fastqc/trim/WT_REP2_trimmed_2_val_2_fastqc.html",
                "fastqc/trim/WT_REP2_trimmed_2_val_2_fastqc.zip",
                "fq_lint",
                "fq_lint/raw",
                "fq_lint/raw/RAP1_IAA_30M_REP1.fq_lint.txt",
                "fq_lint/raw/RAP1_UNINDUCED_REP1.fq_lint.txt",
                "fq_lint/raw/RAP1_UNINDUCED_REP2.fq_lint.txt",
                "fq_lint/raw/WT_REP1.fq_lint.txt",
                "fq_lint/raw/WT_REP2.fq_lint.txt",
                "fq_lint/trimmed",
                "fq_lint/trimmed/RAP1_IAA_30M_REP1.fq_lint.txt",
                "fq_lint/trimmed/RAP1_UNINDUCED_REP1.fq_lint.txt",
                "fq_lint/trimmed/RAP1_UNINDUCED_REP2.fq_lint.txt",
                "fq_lint/trimmed/WT_REP1.fq_lint.txt",
                "fq_lint/trimmed/WT_REP2.fq_lint.txt",
                "multiqc",
                "multiqc/multiqc_report.html",
                "multiqc/multiqc_report_data",
                "multiqc/multiqc_report_data/BETA-multiqc.parquet",
                "multiqc/multiqc_report_data/cutadapt_filtered_reads_plot.txt",
                "multiqc/multiqc_report_data/cutadapt_trimmed_sequences_plot_3_Counts.txt",
                "multiqc/multiqc_report_data/cutadapt_trimmed_sequences_plot_3_Obs_Exp.txt",
                "multiqc/multiqc_report_data/fastqc_raw-status-check-heatmap.txt",
                "multiqc/multiqc_report_data/fastqc_raw_adapter_content_plot.txt",
                "multiqc/multiqc_report_data/fastqc_raw_overrepresented_sequences_plot.txt",
                "multiqc/multiqc_report_data/fastqc_raw_per_base_n_content_plot.txt",
                "multiqc/multiqc_report_data/fastqc_raw_per_base_sequence_quality_plot.txt",
                "multiqc/multiqc_report_data/fastqc_raw_per_sequence_gc_content_plot_Counts.txt",
                "multiqc/multiqc_report_data/fastqc_raw_per_sequence_gc_content_plot_Percentages.txt",
                "multiqc/multiqc_report_data/fastqc_raw_per_sequence_quality_scores_plot.txt",
                "multiqc/multiqc_report_data/fastqc_raw_sequence_counts_plot.txt",
                "multiqc/multiqc_report_data/fastqc_raw_sequence_duplication_levels_plot.txt",
                "multiqc/multiqc_report_data/fastqc_raw_top_overrepresented_sequences_table.txt",
                "multiqc/multiqc_report_data/fastqc_sequence_length_distribution_plot.txt",
                "multiqc/multiqc_report_data/fastqc_trimmed-status-check-heatmap.txt",
                "multiqc/multiqc_report_data/fastqc_trimmed_overrepresented_sequences_plot.txt",
                "multiqc/multiqc_report_data/fastqc_trimmed_per_base_n_content_plot.txt",
                "multiqc/multiqc_report_data/fastqc_trimmed_per_base_sequence_quality_plot.txt",
                "multiqc/multiqc_report_data/fastqc_trimmed_per_sequence_gc_content_plot_Counts.txt",
                "multiqc/multiqc_report_data/fastqc_trimmed_per_sequence_gc_content_plot_Percentages.txt",
                "multiqc/multiqc_report_data/fastqc_trimmed_per_sequence_quality_scores_plot.txt",
                "multiqc/multiqc_report_data/fastqc_trimmed_sequence_counts_plot.txt",
                "multiqc/multiqc_report_data/fastqc_trimmed_sequence_duplication_levels_plot.txt",
                "multiqc/multiqc_report_data/fastqc_trimmed_top_overrepresented_sequences_table.txt",
                "multiqc/multiqc_report_data/multiqc.log",
                "multiqc/multiqc_report_data/multiqc_citations.txt",
                "multiqc/multiqc_report_data/multiqc_cutadapt.txt",
                "multiqc/multiqc_report_data/multiqc_data.json",
                "multiqc/multiqc_report_data/multiqc_fastqc_fastqc_raw.txt",
                "multiqc/multiqc_report_data/multiqc_fastqc_fastqc_trimmed.txt",
                "multiqc/multiqc_report_data/multiqc_general_stats.txt",
                "multiqc/multiqc_report_data/multiqc_salmon.txt",
                "multiqc/multiqc_report_data/multiqc_sample-relationships.txt",
                "multiqc/multiqc_report_data/multiqc_sample-relationships_1.txt",
                "multiqc/multiqc_report_data/multiqc_software_versions.txt",
                "multiqc/multiqc_report_data/multiqc_sources.txt",
                "multiqc/multiqc_report_data/salmon_plot.txt",
                "multiqc/multiqc_report_plots",
                "multiqc/multiqc_report_plots/pdf",
                "multiqc/multiqc_report_plots/pdf/cutadapt_filtered_reads_plot-cnt.pdf",
                "multiqc/multiqc_report_plots/pdf/cutadapt_filtered_reads_plot-pct.pdf",
                "multiqc/multiqc_report_plots/pdf/cutadapt_trimmed_sequences_plot_3_Counts.pdf",
                "multiqc/multiqc_report_plots/pdf/cutadapt_trimmed_sequences_plot_3_Obs_Exp.pdf",
                "multiqc/multiqc_report_plots/pdf/fastqc_raw-status-check-heatmap.pdf",
                "multiqc/multiqc_report_plots/pdf/fastqc_raw_adapter_content_plot.pdf",
                "multiqc/multiqc_report_plots/pdf/fastqc_raw_overrepresented_sequences_plot.pdf",
                "multiqc/multiqc_report_plots/pdf/fastqc_raw_per_base_n_content_plot.pdf",
                "multiqc/multiqc_report_plots/pdf/fastqc_raw_per_base_sequence_quality_plot.pdf",
                "multiqc/multiqc_report_plots/pdf/fastqc_raw_per_sequence_gc_content_plot_Counts.pdf",
                "multiqc/multiqc_report_plots/pdf/fastqc_raw_per_sequence_gc_content_plot_Percentages.pdf",
                "multiqc/multiqc_report_plots/pdf/fastqc_raw_per_sequence_quality_scores_plot.pdf",
                "multiqc/multiqc_report_plots/pdf/fastqc_raw_sequence_counts_plot-cnt.pdf",
                "multiqc/multiqc_report_plots/pdf/fastqc_raw_sequence_counts_plot-pct.pdf",
                "multiqc/multiqc_report_plots/pdf/fastqc_raw_sequence_duplication_levels_plot.pdf",
                "multiqc/multiqc_report_plots/pdf/fastqc_raw_top_overrepresented_sequences_table.pdf",
                "multiqc/multiqc_report_plots/pdf/fastqc_sequence_length_distribution_plot.pdf",
                "multiqc/multiqc_report_plots/pdf/fastqc_trimmed-status-check-heatmap.pdf",
                "multiqc/multiqc_report_plots/pdf/fastqc_trimmed_overrepresented_sequences_plot.pdf",
                "multiqc/multiqc_report_plots/pdf/fastqc_trimmed_per_base_n_content_plot.pdf",
                "multiqc/multiqc_report_plots/pdf/fastqc_trimmed_per_base_sequence_quality_plot.pdf",
                "multiqc/multiqc_report_plots/pdf/fastqc_trimmed_per_sequence_gc_content_plot_Counts.pdf",
                "multiqc/multiqc_report_plots/pdf/fastqc_trimmed_per_sequence_gc_content_plot_Percentages.pdf",
                "multiqc/multiqc_report_plots/pdf/fastqc_trimmed_per_sequence_quality_scores_plot.pdf",
                "multiqc/multiqc_report_plots/pdf/fastqc_trimmed_sequence_counts_plot-cnt.pdf",
                "multiqc/multiqc_report_plots/pdf/fastqc_trimmed_sequence_counts_plot-pct.pdf",
                "multiqc/multiqc_report_plots/pdf/fastqc_trimmed_sequence_duplication_levels_plot.pdf",
                "multiqc/multiqc_report_plots/pdf/fastqc_trimmed_top_overrepresented_sequences_table.pdf",
                "multiqc/multiqc_report_plots/pdf/salmon_plot.pdf",
                "multiqc/multiqc_report_plots/pdf/sample-relationships.pdf",
                "multiqc/multiqc_report_plots/png",
                "multiqc/multiqc_report_plots/png/cutadapt_filtered_reads_plot-cnt.png",
                "multiqc/multiqc_report_plots/png/cutadapt_filtered_reads_plot-pct.png",
                "multiqc/multiqc_report_plots/png/cutadapt_trimmed_sequences_plot_3_Counts.png",
                "multiqc/multiqc_report_plots/png/cutadapt_trimmed_sequences_plot_3_Obs_Exp.png",
                "multiqc/multiqc_report_plots/png/fastqc_raw-status-check-heatmap.png",
                "multiqc/multiqc_report_plots/png/fastqc_raw_adapter_content_plot.png",
                "multiqc/multiqc_report_plots/png/fastqc_raw_overrepresented_sequences_plot.png",
                "multiqc/multiqc_report_plots/png/fastqc_raw_per_base_n_content_plot.png",
                "multiqc/multiqc_report_plots/png/fastqc_raw_per_base_sequence_quality_plot.png",
                "multiqc/multiqc_report_plots/png/fastqc_raw_per_sequence_gc_content_plot_Counts.png",
                "multiqc/multiqc_report_plots/png/fastqc_raw_per_sequence_gc_content_plot_Percentages.png",
                "multiqc/multiqc_report_plots/png/fastqc_raw_per_sequence_quality_scores_plot.png",
                "multiqc/multiqc_report_plots/png/fastqc_raw_sequence_counts_plot-cnt.png",
                "multiqc/multiqc_report_plots/png/fastqc_raw_sequence_counts_plot-pct.png",
                "multiqc/multiqc_report_plots/png/fastqc_raw_sequence_duplication_levels_plot.png",
                "multiqc/multiqc_report_plots/png/fastqc_raw_top_overrepresented_sequences_table.png",
                "multiqc/multiqc_report_plots/png/fastqc_sequence_length_distribution_plot.png",
                "multiqc/multiqc_report_plots/png/fastqc_trimmed-status-check-heatmap.png",
                "multiqc/multiqc_report_plots/png/fastqc_trimmed_overrepresented_sequences_plot.png",
                "multiqc/multiqc_report_plots/png/fastqc_trimmed_per_base_n_content_plot.png",
                "multiqc/multiqc_report_plots/png/fastqc_trimmed_per_base_sequence_quality_plot.png",
                "multiqc/multiqc_report_plots/png/fastqc_trimmed_per_sequence_gc_content_plot_Counts.png",
                "multiqc/multiqc_report_plots/png/fastqc_trimmed_per_sequence_gc_content_plot_Percentages.png",
                "multiqc/multiqc_report_plots/png/fastqc_trimmed_per_sequence_quality_scores_plot.png",
                "multiqc/multiqc_report_plots/png/fastqc_trimmed_sequence_counts_plot-cnt.png",
                "multiqc/multiqc_report_plots/png/fastqc_trimmed_sequence_counts_plot-pct.png",
                "multiqc/multiqc_report_plots/png/fastqc_trimmed_sequence_duplication_levels_plot.png",
                "multiqc/multiqc_report_plots/png/fastqc_trimmed_top_overrepresented_sequences_table.png",
                "multiqc/multiqc_report_plots/png/salmon_plot.png",
                "multiqc/multiqc_report_plots/png/sample-relationships.png",
                "multiqc/multiqc_report_plots/svg",
                "multiqc/multiqc_report_plots/svg/cutadapt_filtered_reads_plot-cnt.svg",
                "multiqc/multiqc_report_plots/svg/cutadapt_filtered_reads_plot-pct.svg",
                "multiqc/multiqc_report_plots/svg/cutadapt_trimmed_sequences_plot_3_Counts.svg",
                "multiqc/multiqc_report_plots/svg/cutadapt_trimmed_sequences_plot_3_Obs_Exp.svg",
                "multiqc/multiqc_report_plots/svg/fastqc_raw-status-check-heatmap.svg",
                "multiqc/multiqc_report_plots/svg/fastqc_raw_adapter_content_plot.svg",
                "multiqc/multiqc_report_plots/svg/fastqc_raw_overrepresented_sequences_plot.svg",
                "multiqc/multiqc_report_plots/svg/fastqc_raw_per_base_n_content_plot.svg",
                "multiqc/multiqc_report_plots/svg/fastqc_raw_per_base_sequence_quality_plot.svg",
                "multiqc/multiqc_report_plots/svg/fastqc_raw_per_sequence_gc_content_plot_Counts.svg",
                "multiqc/multiqc_report_plots/svg/fastqc_raw_per_sequence_gc_content_plot_Percentages.svg",
                "multiqc/multiqc_report_plots/svg/fastqc_raw_per_sequence_quality_scores_plot.svg",
                "multiqc/multiqc_report_plots/svg/fastqc_raw_sequence_counts_plot-cnt.svg",
                "multiqc/multiqc_report_plots/svg/fastqc_raw_sequence_counts_plot-pct.svg",
                "multiqc/multiqc_report_plots/svg/fastqc_raw_sequence_duplication_levels_plot.svg",
                "multiqc/multiqc_report_plots/svg/fastqc_raw_top_overrepresented_sequences_table.svg",
                "multiqc/multiqc_report_plots/svg/fastqc_sequence_length_distribution_plot.svg",
                "multiqc/multiqc_report_plots/svg/fastqc_trimmed-status-check-heatmap.svg",
                "multiqc/multiqc_report_plots/svg/fastqc_trimmed_overrepresented_sequences_plot.svg",
                "multiqc/multiqc_report_plots/svg/fastqc_trimmed_per_base_n_content_plot.svg",
                "multiqc/multiqc_report_plots/svg/fastqc_trimmed_per_base_sequence_quality_plot.svg",
                "multiqc/multiqc_report_plots/svg/fastqc_trimmed_per_sequence_gc_content_plot_Counts.svg",
                "multiqc/multiqc_report_plots/svg/fastqc_trimmed_per_sequence_gc_content_plot_Percentages.svg",
                "multiqc/multiqc_report_plots/svg/fastqc_trimmed_per_sequence_quality_scores_plot.svg",
                "multiqc/multiqc_report_plots/svg/fastqc_trimmed_sequence_counts_plot-cnt.svg",
                "multiqc/multiqc_report_plots/svg/fastqc_trimmed_sequence_counts_plot-pct.svg",
                "multiqc/multiqc_report_plots/svg/fastqc_trimmed_sequence_duplication_levels_plot.svg",
                "multiqc/multiqc_report_plots/svg/fastqc_trimmed_top_overrepresented_sequences_table.svg",
                "multiqc/multiqc_report_plots/svg/salmon_plot.svg",
                "multiqc/multiqc_report_plots/svg/sample-relationships.svg",
                "pipeline_info",
                "pipeline_info/nf_core_rnaseq_software_mqc_versions.yml",
                "salmon",
                "salmon/RAP1_IAA_30M_REP1",
                "salmon/RAP1_IAA_30M_REP1/aux_info",
                "salmon/RAP1_IAA_30M_REP1/aux_info/ambig_info.tsv",
                "salmon/RAP1_IAA_30M_REP1/aux_info/expected_bias.gz",
                "salmon/RAP1_IAA_30M_REP1/aux_info/fld.gz",
                "salmon/RAP1_IAA_30M_REP1/aux_info/meta_info.json",
                "salmon/RAP1_IAA_30M_REP1/aux_info/observed_bias.gz",
                "salmon/RAP1_IAA_30M_REP1/aux_info/observed_bias_3p.gz",
                "salmon/RAP1_IAA_30M_REP1/cmd_info.json",
                "salmon/RAP1_IAA_30M_REP1/libParams",
                "salmon/RAP1_IAA_30M_REP1/libParams/flenDist.txt",
                "salmon/RAP1_IAA_30M_REP1/lib_format_counts.json",
                "salmon/RAP1_IAA_30M_REP1/logs",
                "salmon/RAP1_IAA_30M_REP1/logs/salmon_quant.log",
                "salmon/RAP1_IAA_30M_REP1/quant.genes.sf",
                "salmon/RAP1_IAA_30M_REP1/quant.sf",
                "salmon/RAP1_UNINDUCED_REP1",
                "salmon/RAP1_UNINDUCED_REP1/aux_info",
                "salmon/RAP1_UNINDUCED_REP1/aux_info/ambig_info.tsv",
                "salmon/RAP1_UNINDUCED_REP1/aux_info/expected_bias.gz",
                "salmon/RAP1_UNINDUCED_REP1/aux_info/fld.gz",
                "salmon/RAP1_UNINDUCED_REP1/aux_info/meta_info.json",
                "salmon/RAP1_UNINDUCED_REP1/aux_info/observed_bias.gz",
                "salmon/RAP1_UNINDUCED_REP1/aux_info/observed_bias_3p.gz",
                "salmon/RAP1_UNINDUCED_REP1/cmd_info.json",
                "salmon/RAP1_UNINDUCED_REP1/libParams",
                "salmon/RAP1_UNINDUCED_REP1/libParams/flenDist.txt",
                "salmon/RAP1_UNINDUCED_REP1/lib_format_counts.json",
                "salmon/RAP1_UNINDUCED_REP1/logs",
                "salmon/RAP1_UNINDUCED_REP1/logs/salmon_quant.log",
                "salmon/RAP1_UNINDUCED_REP1/quant.genes.sf",
                "salmon/RAP1_UNINDUCED_REP1/quant.sf",
                "salmon/RAP1_UNINDUCED_REP2",
                "salmon/RAP1_UNINDUCED_REP2/aux_info",
                "salmon/RAP1_UNINDUCED_REP2/aux_info/ambig_info.tsv",
                "salmon/RAP1_UNINDUCED_REP2/aux_info/expected_bias.gz",
                "salmon/RAP1_UNINDUCED_REP2/aux_info/fld.gz",
                "salmon/RAP1_UNINDUCED_REP2/aux_info/meta_info.json",
                "salmon/RAP1_UNINDUCED_REP2/aux_info/observed_bias.gz",
                "salmon/RAP1_UNINDUCED_REP2/aux_info/observed_bias_3p.gz",
                "salmon/RAP1_UNINDUCED_REP2/cmd_info.json",
                "salmon/RAP1_UNINDUCED_REP2/libParams",
                "salmon/RAP1_UNINDUCED_REP2/libParams/flenDist.txt",
                "salmon/RAP1_UNINDUCED_REP2/lib_format_counts.json",
                "salmon/RAP1_UNINDUCED_REP2/logs",
                "salmon/RAP1_UNINDUCED_REP2/logs/salmon_quant.log",
                "salmon/RAP1_UNINDUCED_REP2/quant.genes.sf",
                "salmon/RAP1_UNINDUCED_REP2/quant.sf",
                "salmon/WT_REP1",
                "salmon/WT_REP1/aux_info",
                "salmon/WT_REP1/aux_info/ambig_info.tsv",
                "salmon/WT_REP1/aux_info/expected_bias.gz",
                "salmon/WT_REP1/aux_info/fld.gz",
                "salmon/WT_REP1/aux_info/meta_info.json",
                "salmon/WT_REP1/aux_info/observed_bias.gz",
                "salmon/WT_REP1/aux_info/observed_bias_3p.gz",
                "salmon/WT_REP1/cmd_info.json",
                "salmon/WT_REP1/libParams",
                "salmon/WT_REP1/libParams/flenDist.txt",
                "salmon/WT_REP1/lib_format_counts.json",
                "salmon/WT_REP1/logs",
                "salmon/WT_REP1/logs/salmon_quant.log",
                "salmon/WT_REP1/quant.genes.sf",
                "salmon/WT_REP1/quant.sf",
                "salmon/WT_REP2",
                "salmon/WT_REP2/aux_info",
                "salmon/WT_REP2/aux_info/ambig_info.tsv",
                "salmon/WT_REP2/aux_info/expected_bias.gz",
                "salmon/WT_REP2/aux_info/fld.gz",
                "salmon/WT_REP2/aux_info/meta_info.json",
                "salmon/WT_REP2/aux_info/observed_bias.gz",
                "salmon/WT_REP2/aux_info/observed_bias_3p.gz",
                "salmon/WT_REP2/cmd_info.json",
                "salmon/WT_REP2/libParams",
                "salmon/WT_REP2/libParams/flenDist.txt",
                "salmon/WT_REP2/lib_format_counts.json",
                "salmon/WT_REP2/logs",
                "salmon/WT_REP2/logs/salmon_quant.log",
                "salmon/WT_REP2/quant.genes.sf",
                "salmon/WT_REP2/quant.sf",
                "salmon/all_samples_gene.SummarizedExperiment.rds",
                "salmon/all_samples_transcript.SummarizedExperiment.rds",
                "salmon/deseq2_qc",
                "salmon/deseq2_qc/R_sessionInfo.log",
                "salmon/deseq2_qc/deseq2.dds.RData",
                "salmon/deseq2_qc/deseq2.pca.vals.txt",
                "salmon/deseq2_qc/deseq2.plots.pdf",
                "salmon/deseq2_qc/deseq2.sample.dists.txt",
                "salmon/deseq2_qc/size_factors",
                "salmon/deseq2_qc/size_factors/RAP1_IAA_30M_REP1.txt",
                "salmon/deseq2_qc/size_factors/RAP1_UNINDUCED_REP1.txt",
                "salmon/deseq2_qc/size_factors/RAP1_UNINDUCED_REP2.txt",
                "salmon/deseq2_qc/size_factors/WT_REP1.txt",
                "salmon/deseq2_qc/size_factors/WT_REP2.txt",
                "salmon/deseq2_qc/size_factors/deseq2.size_factors.RData",
                "salmon/salmon.merged.gene_counts.tsv",
                "salmon/salmon.merged.gene_counts_length_scaled.tsv",
                "salmon/salmon.merged.gene_counts_scaled.tsv",
                "salmon/salmon.merged.gene_lengths.tsv",
                "salmon/salmon.merged.gene_tpm.tsv",
                "salmon/salmon.merged.transcript_counts.tsv",
                "salmon/salmon.merged.transcript_lengths.tsv",
                "salmon/salmon.merged.transcript_tpm.tsv",
                "salmon/tx2gene.tsv",
                "trimgalore",
                "trimgalore/RAP1_IAA_30M_REP1_trimmed_1.fastq.gz_trimming_report.txt",
                "trimgalore/RAP1_IAA_30M_REP1_trimmed_2.fastq.gz_trimming_report.txt",
                "trimgalore/RAP1_UNINDUCED_REP1_trimmed.fastq.gz_trimming_report.txt",
                "trimgalore/RAP1_UNINDUCED_REP2_trimmed.fastq.gz_trimming_report.txt",
                "trimgalore/WT_REP1_trimmed_1.fastq.gz_trimming_report.txt",
                "trimgalore/WT_REP1_trimmed_2.fastq.gz_trimming_report.txt",
                "trimgalore/WT_REP2_trimmed_1.fastq.gz_trimming_report.txt",
                "trimgalore/WT_REP2_trimmed_2.fastq.gz_trimming_report.txt"
            ],
            [
                "cutadapt_filtered_reads_plot.txt:md5,6fa381627f7c1f664f3d4b2cb79cce90",
                "cutadapt_trimmed_sequences_plot_3_Counts.txt:md5,13dfa866fd91dbb072689efe9aa83b1f",
                "cutadapt_trimmed_sequences_plot_3_Obs_Exp.txt:md5,07145dd8dd3db654859b18eb0389046c",
                "fastqc_raw-status-check-heatmap.txt:md5,5a89b0d8d162f6b1dbdaf39457bbc03b",
                "fastqc_raw_adapter_content_plot.txt:md5,da0389be84cfdd189b1d045212eb2974",
                "fastqc_raw_overrepresented_sequences_plot.txt:md5,25d88ea8a72f55e8a374ae802bc7f0b1",
                "fastqc_raw_per_base_n_content_plot.txt:md5,d368d7e36ca2f73dcde61f2b486d8213",
                "fastqc_raw_per_base_sequence_quality_plot.txt:md5,5c3065b549129702b185ea1b817da420",
                "fastqc_raw_per_sequence_gc_content_plot_Counts.txt:md5,9ddaa50167117d3c9188ccf015427704",
                "fastqc_raw_per_sequence_gc_content_plot_Percentages.txt:md5,f10ee2881b61308af35f304aa3d810a3",
                "fastqc_raw_per_sequence_quality_scores_plot.txt:md5,b5f9a02933e3065952237afd2ec9ce82",
                "fastqc_raw_sequence_counts_plot.txt:md5,cbae4979d5db66d3b894abcf8d1c453c",
                "fastqc_raw_sequence_duplication_levels_plot.txt:md5,8812cee16f6ca65e2c33635754de1772",
                "fastqc_sequence_length_distribution_plot.txt:md5,6fe2c985606abad947bcca99b015ae33",
                "fastqc_trimmed-status-check-heatmap.txt:md5,22a03548736b88b23be6bc0c9ef1b4a6",
                "fastqc_trimmed_overrepresented_sequences_plot.txt:md5,c755e9d044ea1a82b2c8edde867b4878",
                "fastqc_trimmed_per_base_n_content_plot.txt:md5,418610c1ce119cb786ad434db75d366e",
                "fastqc_trimmed_per_base_sequence_quality_plot.txt:md5,bd22e06e41c096ad4f745d40fe96a1e5",
                "fastqc_trimmed_per_sequence_gc_content_plot_Counts.txt:md5,004c60768ceb6197765154e3eaa37b7a",
                "fastqc_trimmed_per_sequence_gc_content_plot_Percentages.txt:md5,95d29060b687f745288ad1ec47750037",
                "fastqc_trimmed_per_sequence_quality_scores_plot.txt:md5,0f9834cc19f76dd5c87cf8cba7435a7c",
                "fastqc_trimmed_sequence_counts_plot.txt:md5,9fd642bdd1da354f296bb8092205608f",
                "fastqc_trimmed_sequence_duplication_levels_plot.txt:md5,0758257b497283b1ef28171e694db6db",
                "multiqc_citations.txt:md5,f789abe663d4b4214f0ddeb413a7f150",
                "multiqc_cutadapt.txt:md5,583b7b9ba76b26162bb9610ed746454b",
                "multiqc_fastqc_fastqc_raw.txt:md5,81c3c1a2575a1891a7f2a9637a0f2cc0",
                "multiqc_fastqc_fastqc_trimmed.txt:md5,54743154d0e8858980acffeb5b6f6a97",
                "ambig_info.tsv:md5,5e9128e825dd0173d1eda78709cebb47",
                "expected_bias.gz:md5,3407f87245d0003e0ffbfdf6d8c04f20",
                "observed_bias.gz:md5,92bcd0592d22a6a58d0360fc76103e56",
                "observed_bias_3p.gz:md5,92bcd0592d22a6a58d0360fc76103e56",
                "cmd_info.json:md5,e89ce91f3cc03732bee42c381f3b1d1b",
                "lib_format_counts.json:md5,288063651e63fda4ed95834d252cefd3",
                "ambig_info.tsv:md5,12e70e29f44c7786f081e4b59e4ce7ce",
                "expected_bias.gz:md5,3407f87245d0003e0ffbfdf6d8c04f20",
                "observed_bias.gz:md5,92bcd0592d22a6a58d0360fc76103e56",
                "observed_bias_3p.gz:md5,92bcd0592d22a6a58d0360fc76103e56",
                "cmd_info.json:md5,d4db8fa9cb231648076bda1ec4e34114",
                "lib_format_counts.json:md5,8a2ab54a8ec1d78be040c9bec57b5101",
                "ambig_info.tsv:md5,fe67ac3fc0f0fc813216c09aec21c4e8",
                "expected_bias.gz:md5,3407f87245d0003e0ffbfdf6d8c04f20",
                "observed_bias.gz:md5,92bcd0592d22a6a58d0360fc76103e56",
                "observed_bias_3p.gz:md5,92bcd0592d22a6a58d0360fc76103e56",
                "cmd_info.json:md5,394264c8964da0cdd1c40d1c16995ceb",
                "lib_format_counts.json:md5,c1ed7330956d6411d833fed78f1182bd",
                "ambig_info.tsv:md5,3bc4e9d9fb9a95086a94c8c01349e67f",
                "expected_bias.gz:md5,3407f87245d0003e0ffbfdf6d8c04f20",
                "observed_bias.gz:md5,92bcd0592d22a6a58d0360fc76103e56",
                "observed_bias_3p.gz:md5,92bcd0592d22a6a58d0360fc76103e56",
                "cmd_info.json:md5,8009941fa85ff1e32128bceafc974ea8",
                "lib_format_counts.json:md5,bcb3207290115f621a93a198ec5b6dfd",
                "ambig_info.tsv:md5,f7304f8876d8c47aab65205236d7b721",
                "expected_bias.gz:md5,3407f87245d0003e0ffbfdf6d8c04f20",
                "observed_bias.gz:md5,92bcd0592d22a6a58d0360fc76103e56",
                "observed_bias_3p.gz:md5,92bcd0592d22a6a58d0360fc76103e56",
                "cmd_info.json:md5,3e6d06d032abd3f5cd7e79df1b5bcde0",
                "lib_format_counts.json:md5,fce2c4840048c294c016f45f0df15384",
                "tx2gene.tsv:md5,1be389a28cc26d94b19ea918959ac72e"
            ]
        ],
        "meta": {
            "nf-test": "0.9.2",
            "nextflow": "25.04.2"
        },
        "timestamp": "2025-06-03T15:07:19.746620782"
    }
}
